Watching for changes in D:\Alited\Documents\Tools\code\Hugo\business-news\{archetypes,assets,content,data,i18n,layouts,node_modules,package.json,static,themes}
Watching for config changes in D:\Alited\Documents\Tools\code\Hugo\business-news\config\_default, D:\Alited\Documents\Tools\code\Hugo\business-news\config\_default\menus, D:\Alited\Documents\Tools\code\Hugo\business-news\themes\doks\config\_default, D:\Alited\Documents\Tools\code\Hugo\business-news\themes\doks\config\_default\menus, D:\Alited\Documents\Tools\code\Hugo\business-news\go.mod
Start building sites 鈥?
hugo v0.142.0-1f746a872442e66b6afd47c8c04ac42dc92cdb6f+extended windows/amd64 BuildDate=2025-01-22T12:20:52Z VendorInfo=gohugoio

.\bin\hugo.exe : ERROR 
render of "D:/Alited/Docum
ents/Tools/code/Hugo/busin
ess-news/themes/doks/conte
nt/_index.md" failed: "D:\
Alited\Documents\Tools\cod
e\Hugo\business-news\node_
modules\@thulite\core\layo
uts\baseof.html:4:5": 
execute of template 
failed: template: 
index.html:4:5: executing 
"index.html" at <partial 
"head/body-class.html" 
.>: error calling 
partial: partial 
"head/body-class.html" 
not found
At line:1 char:1
+ .\bin\hugo.exe server 
-D > build_error.log 2>&1
+ ~~~~~~~~~~~~~~~~~~~~~~~~
~~~~~~~~~~~~~~~~~~~~~~~
    + CategoryInfo        
      : NotSpe    cified: 
(ERROR r    ender 
of...html"     not 
found:Strin    g) [], 
RemoteExc    eption
    + FullyQualified    
ErrorId : Native    
CommandError
 
ERROR render of 
"/categories" failed: "D:\
Alited\Documents\Tools\cod
e\Hugo\business-news\node_
modules\@thulite\doks-core
\layouts\_default\baseof.h
tml:4:5": execute of 
template failed: 
template: 
_default/terms.html:4:5: 
executing 
"_default/terms.html" at 
<partial 
"head/body-class" .>: 
error calling partial: 
partial "head/body-class" 
not found
ERROR render of "D:/Alited
/Documents/Tools/code/Hugo
/business-news/themes/doks
/content/docs/reference/_i
ndex.md" failed: "D:\Alite
d\Documents\Tools\code\Hug
o\business-news\node_modul
es\@thulite\doks-core\layo
uts\_default\baseof.html:4
:5": execute of template 
failed: template: 
_default/list.html:4:5: 
executing 
"_default/list.html" at 
<partial 
"head/body-class" .>: 
error calling partial: 
partial "head/body-class" 
not found
ERROR render of "D:/Alited
/Documents/Tools/code/Hugo
/business-news/themes/doks
/content/docs/resources.md
" failed: "D:\Alited\Docum
ents\Tools\code\Hugo\busin
ess-news\node_modules\@thu
lite\doks-core\layouts\_de
fault\baseof.html:4:5": 
execute of template 
failed: template: 
_default/single.html:4:5: 
executing 
"_default/single.html" at 
<partial 
"head/body-class" .>: 
error calling partial: 
partial "head/body-class" 
not found
Built in 55 ms
Error: error building site: render: failed to render pages: render of "D:/Alited/Documents/Tools/code/Hugo/business-news/themes/doks/content/blog/example/index.md" failed: "D:\Alited\Documents\Tools\code\Hugo\business-news\node_modules\@thulite\doks-core\layouts\_default\baseof.html:4:5": execute of template failed: template: blog/single.html:4:5: executing "blog/single.html" at <partial "head/body-class" .>: error calling partial: partial "head/body-class" not found
